
Allocating common symbols
Common symbol       size              file

idt_ptr             0x6               kernel/global.o
inode_table         0xc00             kernel/global.o
task_stack          0x38000           kernel/global.o
k_reenter           0x4               kernel/global.o
gdt                 0x400             kernel/global.o
current_console     0x4               kernel/global.o
pcaller             0x4               kernel/global.o
tty_table           0xc6c             kernel/global.o
tss                 0x68              kernel/global.o
fs_msg              0x30              kernel/global.o
f_desc_table        0x300             kernel/global.o
root_inode          0x4               kernel/global.o
disp_pos            0x4               kernel/global.o
key_pressed         0x4               kernel/global.o
gdt_ptr             0x6               kernel/global.o
idt                 0x800             kernel/global.o
super_block         0x1e0             kernel/global.o
PARTITION_ENTRY     0x10              kernel/hd.o
ticks               0x4               kernel/global.o
console_table       0x3c              kernel/global.o
irq_table           0x40              kernel/global.o
p_proc_ready        0x4               kernel/global.o
proc_table          0xb0c             kernel/global.o

Discarded input sections

 .group         0x0000000000000000        0x8 kernel/start.o
 .note.GNU-stack
                0x0000000000000000        0x0 kernel/start.o
 .group         0x0000000000000000        0x8 kernel/main.o
 .group         0x0000000000000000        0x8 kernel/main.o
 .group         0x0000000000000000        0x8 kernel/main.o
 .text.__x86.get_pc_thunk.bx
                0x0000000000000000        0x4 kernel/main.o
 .note.GNU-stack
                0x0000000000000000        0x0 kernel/main.o
 .group         0x0000000000000000        0x8 kernel/clock.o
 .text.__x86.get_pc_thunk.bx
                0x0000000000000000        0x4 kernel/clock.o
 .note.GNU-stack
                0x0000000000000000        0x0 kernel/clock.o
 .group         0x0000000000000000        0x8 kernel/keyboard.o
 .text.__x86.get_pc_thunk.bx
                0x0000000000000000        0x4 kernel/keyboard.o
 .note.GNU-stack
                0x0000000000000000        0x0 kernel/keyboard.o
 .group         0x0000000000000000        0x8 kernel/tty.o
 .group         0x0000000000000000        0x8 kernel/tty.o
 .text.__x86.get_pc_thunk.ax
                0x0000000000000000        0x4 kernel/tty.o
 .text.__x86.get_pc_thunk.bx
                0x0000000000000000        0x4 kernel/tty.o
 .note.GNU-stack
                0x0000000000000000        0x0 kernel/tty.o
 .group         0x0000000000000000        0x8 kernel/console.o
 .group         0x0000000000000000        0x8 kernel/console.o
 .group         0x0000000000000000        0x8 kernel/console.o
 .group         0x0000000000000000        0x8 kernel/console.o
 .text.__x86.get_pc_thunk.ax
                0x0000000000000000        0x4 kernel/console.o
 .text.__x86.get_pc_thunk.dx
                0x0000000000000000        0x4 kernel/console.o
 .text.__x86.get_pc_thunk.bx
                0x0000000000000000        0x4 kernel/console.o
 .note.GNU-stack
                0x0000000000000000        0x0 kernel/console.o
 .group         0x0000000000000000        0x8 kernel/i8259.o
 .text.__x86.get_pc_thunk.bx
                0x0000000000000000        0x4 kernel/i8259.o
 .note.GNU-stack
                0x0000000000000000        0x0 kernel/i8259.o
 .note.GNU-stack
                0x0000000000000000        0x0 kernel/global.o
 .group         0x0000000000000000        0x8 kernel/protect.o
 .group         0x0000000000000000        0x8 kernel/protect.o
 .text.__x86.get_pc_thunk.ax
                0x0000000000000000        0x4 kernel/protect.o
 .text.__x86.get_pc_thunk.bx
                0x0000000000000000        0x4 kernel/protect.o
 .note.GNU-stack
                0x0000000000000000        0x0 kernel/protect.o
 .group         0x0000000000000000        0x8 kernel/proc.o
 .group         0x0000000000000000        0x8 kernel/proc.o
 .group         0x0000000000000000        0x8 kernel/proc.o
 .text.__x86.get_pc_thunk.ax
                0x0000000000000000        0x4 kernel/proc.o
 .text.__x86.get_pc_thunk.dx
                0x0000000000000000        0x4 kernel/proc.o
 .text.__x86.get_pc_thunk.bx
                0x0000000000000000        0x4 kernel/proc.o
 .note.GNU-stack
                0x0000000000000000        0x0 kernel/proc.o
 .group         0x0000000000000000        0x8 kernel/systask.o
 .text.__x86.get_pc_thunk.bx
                0x0000000000000000        0x4 kernel/systask.o
 .note.GNU-stack
                0x0000000000000000        0x0 kernel/systask.o
 .group         0x0000000000000000        0x8 kernel/hd.o
 .group         0x0000000000000000        0x8 kernel/hd.o
 .text.__x86.get_pc_thunk.ax
                0x0000000000000000        0x4 kernel/hd.o
 .text.__x86.get_pc_thunk.bx
                0x0000000000000000        0x4 kernel/hd.o
 .note.GNU-stack
                0x0000000000000000        0x0 kernel/hd.o
 .group         0x0000000000000000        0x8 lib/printf.o
 .text.__x86.get_pc_thunk.bx
                0x0000000000000000        0x4 lib/printf.o
 .note.GNU-stack
                0x0000000000000000        0x0 lib/printf.o
 .group         0x0000000000000000        0x8 lib/vsprintf.o
 .group         0x0000000000000000        0x8 lib/vsprintf.o
 .text.__x86.get_pc_thunk.ax
                0x0000000000000000        0x4 lib/vsprintf.o
 .text.__x86.get_pc_thunk.bx
                0x0000000000000000        0x4 lib/vsprintf.o
 .note.GNU-stack
                0x0000000000000000        0x0 lib/vsprintf.o
 .group         0x0000000000000000        0x8 lib/klib.o
 .group         0x0000000000000000        0x8 lib/klib.o
 .text.__x86.get_pc_thunk.ax
                0x0000000000000000        0x4 lib/klib.o
 .text.__x86.get_pc_thunk.bx
                0x0000000000000000        0x4 lib/klib.o
 .note.GNU-stack
                0x0000000000000000        0x0 lib/klib.o
 .group         0x0000000000000000        0x8 lib/ls.o
 .text.__x86.get_pc_thunk.bx
                0x0000000000000000        0x4 lib/ls.o
 .note.GNU-stack
                0x0000000000000000        0x0 lib/ls.o
 .group         0x0000000000000000        0x8 lib/sl.o
 .text.__x86.get_pc_thunk.bx
                0x0000000000000000        0x4 lib/sl.o
 .note.GNU-stack
                0x0000000000000000        0x0 lib/sl.o
 .group         0x0000000000000000        0x8 lib/misc.o
 .group         0x0000000000000000        0x8 lib/misc.o
 .text.__x86.get_pc_thunk.ax
                0x0000000000000000        0x4 lib/misc.o
 .text.__x86.get_pc_thunk.bx
                0x0000000000000000        0x4 lib/misc.o
 .note.GNU-stack
                0x0000000000000000        0x0 lib/misc.o
 .group         0x0000000000000000        0x8 lib/mkdir.o
 .text.__x86.get_pc_thunk.bx
                0x0000000000000000        0x4 lib/mkdir.o
 .note.GNU-stack
                0x0000000000000000        0x0 lib/mkdir.o
 .group         0x0000000000000000        0x8 lib/open.o
 .text.__x86.get_pc_thunk.bx
                0x0000000000000000        0x4 lib/open.o
 .note.GNU-stack
                0x0000000000000000        0x0 lib/open.o
 .group         0x0000000000000000        0x8 lib/read.o
 .text.__x86.get_pc_thunk.ax
                0x0000000000000000        0x4 lib/read.o
 .note.GNU-stack
                0x0000000000000000        0x0 lib/read.o
 .group         0x0000000000000000        0x8 lib/write.o
 .text.__x86.get_pc_thunk.ax
                0x0000000000000000        0x4 lib/write.o
 .note.GNU-stack
                0x0000000000000000        0x0 lib/write.o
 .group         0x0000000000000000        0x8 lib/close.o
 .text.__x86.get_pc_thunk.ax
                0x0000000000000000        0x4 lib/close.o
 .note.GNU-stack
                0x0000000000000000        0x0 lib/close.o
 .group         0x0000000000000000        0x8 lib/unlink.o
 .text.__x86.get_pc_thunk.bx
                0x0000000000000000        0x4 lib/unlink.o
 .note.GNU-stack
                0x0000000000000000        0x0 lib/unlink.o
 .group         0x0000000000000000        0x8 lib/getpid.o
 .text.__x86.get_pc_thunk.bx
                0x0000000000000000        0x4 lib/getpid.o
 .note.GNU-stack
                0x0000000000000000        0x0 lib/getpid.o
 .group         0x0000000000000000        0x8 lib/syslog.o
 .text.__x86.get_pc_thunk.bx
                0x0000000000000000        0x4 lib/syslog.o
 .note.GNU-stack
                0x0000000000000000        0x0 lib/syslog.o
 .group         0x0000000000000000        0x8 fs/main.o
 .group         0x0000000000000000        0x8 fs/main.o
 .text.__x86.get_pc_thunk.ax
                0x0000000000000000        0x4 fs/main.o
 .text.__x86.get_pc_thunk.bx
                0x0000000000000000        0x4 fs/main.o
 .note.GNU-stack
                0x0000000000000000        0x0 fs/main.o
 .group         0x0000000000000000        0x8 fs/open.o
 .group         0x0000000000000000        0x8 fs/open.o
 .text.__x86.get_pc_thunk.ax
                0x0000000000000000        0x4 fs/open.o
 .text.__x86.get_pc_thunk.bx
                0x0000000000000000        0x4 fs/open.o
 .note.GNU-stack
                0x0000000000000000        0x0 fs/open.o
 .group         0x0000000000000000        0x8 fs/misc.o
 .text.__x86.get_pc_thunk.bx
                0x0000000000000000        0x4 fs/misc.o
 .note.GNU-stack
                0x0000000000000000        0x0 fs/misc.o
 .group         0x0000000000000000        0x8 fs/read_write.o
 .text.__x86.get_pc_thunk.bx
                0x0000000000000000        0x4 fs/read_write.o
 .note.GNU-stack
                0x0000000000000000        0x0 fs/read_write.o
 .group         0x0000000000000000        0x8 fs/link.o
 .text.__x86.get_pc_thunk.bx
                0x0000000000000000        0x4 fs/link.o
 .note.GNU-stack
                0x0000000000000000        0x0 fs/link.o
 .group         0x0000000000000000        0x8 fs/disklog.o
 .text.__x86.get_pc_thunk.bx
                0x0000000000000000        0x4 fs/disklog.o
 .note.GNU-stack
                0x0000000000000000        0x0 fs/disklog.o

Memory Configuration

Name             Origin             Length             Attributes
*default*        0x0000000000000000 0xffffffffffffffff

Linker script and memory map

Address of section .text set to 0x1000
LOAD kernel/kernel.o
LOAD lib/syscall.o
LOAD kernel/start.o
LOAD kernel/main.o
LOAD kernel/clock.o
LOAD kernel/keyboard.o
LOAD kernel/tty.o
LOAD kernel/console.o
LOAD kernel/i8259.o
LOAD kernel/global.o
LOAD kernel/protect.o
LOAD kernel/proc.o
LOAD kernel/systask.o
LOAD kernel/hd.o
LOAD lib/printf.o
LOAD lib/vsprintf.o
LOAD lib/kliba.o
LOAD lib/klib.o
LOAD lib/string.o
LOAD lib/ls.o
LOAD lib/sl.o
LOAD lib/misc.o
LOAD lib/mkdir.o
LOAD lib/open.o
LOAD lib/read.o
LOAD lib/write.o
LOAD lib/close.o
LOAD lib/unlink.o
LOAD lib/getpid.o
LOAD lib/syslog.o
LOAD fs/main.o
LOAD fs/open.o
LOAD fs/misc.o
LOAD fs/read_write.o
LOAD fs/link.o
LOAD fs/disklog.o
                [!provide]                        PROVIDE (__executable_start = SEGMENT_START ("text-segment", 0x8048000))
                0x0000000008048094                . = (SEGMENT_START ("text-segment", 0x8048000) + SIZEOF_HEADERS)

.interp
 *(.interp)

.note.gnu.build-id
 *(.note.gnu.build-id)

.hash
 *(.hash)

.gnu.hash
 *(.gnu.hash)

.dynsym
 *(.dynsym)

.dynstr
 *(.dynstr)

.gnu.version
 *(.gnu.version)

.gnu.version_d
 *(.gnu.version_d)

.gnu.version_r
 *(.gnu.version_r)

.rel.dyn        0x0000000008048094        0x0
 *(.rel.init)
 *(.rel.text .rel.text.* .rel.gnu.linkonce.t.*)
 .rel.text      0x0000000008048094        0x0 kernel/kernel.o
 *(.rel.fini)
 *(.rel.rodata .rel.rodata.* .rel.gnu.linkonce.r.*)
 *(.rel.data.rel.ro .rel.data.rel.ro.* .rel.gnu.linkonce.d.rel.ro.*)
 *(.rel.data .rel.data.* .rel.gnu.linkonce.d.*)
 *(.rel.tdata .rel.tdata.* .rel.gnu.linkonce.td.*)
 *(.rel.tbss .rel.tbss.* .rel.gnu.linkonce.tb.*)
 *(.rel.ctors)
 *(.rel.dtors)
 *(.rel.got)
 .rel.got       0x0000000008048094        0x0 kernel/kernel.o
 *(.rel.bss .rel.bss.* .rel.gnu.linkonce.b.*)
 *(.rel.ifunc)

.rel.plt        0x0000000008048094        0x0
 *(.rel.plt)
                [!provide]                        PROVIDE (__rel_iplt_start = .)
 *(.rel.iplt)
 .rel.iplt      0x0000000008048094        0x0 kernel/kernel.o
                [!provide]                        PROVIDE (__rel_iplt_end = .)

.init
 *(SORT_NONE(.init))

.plt            0x0000000008048098        0x0
 *(.plt)
 *(.iplt)
 .iplt          0x0000000008048098        0x0 kernel/kernel.o

.plt.got
 *(.plt.got)

.plt.sec
 *(.plt.sec)

.text           0x0000000000001000     0xf308
 *(.text.unlikely .text.*_unlikely .text.unlikely.*)
 *(.text.exit .text.exit.*)
 *(.text.startup .text.startup.*)
 *(.text.hot .text.hot.*)
 *(.text .stub .text.* .gnu.linkonce.t.*)
 .text          0x0000000000001000      0x410 kernel/kernel.o
                0x0000000000001000                _start
                0x0000000000001040                hwint00
                0x0000000000001070                hwint01
                0x00000000000010a0                hwint02
                0x00000000000010d0                hwint03
                0x0000000000001100                hwint04
                0x0000000000001130                hwint05
                0x0000000000001160                hwint06
                0x0000000000001190                hwint07
                0x00000000000011c0                hwint08
                0x00000000000011f0                hwint09
                0x0000000000001220                hwint10
                0x0000000000001250                hwint11
                0x0000000000001280                hwint12
                0x00000000000012b0                hwint13
                0x00000000000012e0                hwint14
                0x0000000000001310                hwint15
                0x0000000000001334                divide_error
                0x000000000000133a                single_step_exception
                0x0000000000001340                nmi
                0x0000000000001346                breakpoint_exception
                0x000000000000134c                overflow
                0x0000000000001352                bounds_check
                0x0000000000001358                inval_opcode
                0x000000000000135e                copr_not_available
                0x0000000000001364                double_fault
                0x0000000000001368                copr_seg_overrun
                0x000000000000136e                inval_tss
                0x0000000000001372                segment_not_present
                0x0000000000001376                stack_exception
                0x000000000000137a                general_protection
                0x000000000000137e                page_fault
                0x0000000000001382                copr_error
                0x00000000000013cb                sys_call
                0x00000000000013eb                restart
 .text          0x0000000000001410       0x28 lib/syscall.o
                0x0000000000001410                sendrec
                0x000000000000142a                printx
 .text          0x0000000000001438       0xc3 kernel/start.o
                0x0000000000001438                cstart
 .text.__x86.get_pc_thunk.bx
                0x00000000000014fb        0x4 kernel/start.o
                0x00000000000014fb                __x86.get_pc_thunk.bx
 .text          0x00000000000014ff     0x2468 kernel/main.o
                0x00000000000014ff                kernel_main
                0x00000000000017b2                get_ticks
                0x00000000000017f5                addTwoString
                0x0000000000001896                shell
                0x00000000000027f3                TestA
                0x0000000000002829                TestB
                0x0000000000002886                TestC
                0x00000000000028c1                panic
                0x000000000000291b                findpass
                0x0000000000002997                clearArr
                0x00000000000029ca                printTitle
                0x0000000000002a58                clear
                0x0000000000002b16                doTest
                0x0000000000002b87                verifyPswd
                0x0000000000002c42                doEncrypt
                0x0000000000002e70                help
                0x0000000000002fba                ProcessManage
                0x0000000000003085                srand
                0x000000000000309e                rand
                0x000000000000314b                show_mat
                0x000000000000332e                init_game
                0x000000000000345b                check
                0x0000000000003508                dfs
                0x0000000000003638                game
 .text.__x86.get_pc_thunk.ax
                0x0000000000003967        0x4 kernel/main.o
                0x0000000000003967                __x86.get_pc_thunk.ax
 .text.__x86.get_pc_thunk.dx
                0x000000000000396b        0x4 kernel/main.o
                0x000000000000396b                __x86.get_pc_thunk.dx
 .text          0x000000000000396f      0x157 kernel/clock.o
                0x000000000000396f                clock_handler
                0x0000000000003a13                milli_delay
                0x0000000000003a5d                init_clock
 .text          0x0000000000003ac6      0x7a7 kernel/keyboard.o
                0x0000000000003ac6                keyboard_handler
                0x0000000000003b4b                init_keyboard
                0x0000000000003c15                keyboard_read
 .text          0x000000000000426d      0xad3 kernel/tty.o
                0x000000000000426d                task_tty
                0x0000000000004458                in_process
                0x00000000000049e2                sys_printx
                0x0000000000004baa                dump_tty_buf
 .text          0x0000000000004d40      0x889 kernel/console.o
                0x0000000000004d40                init_screen
                0x0000000000004ecf                out_char
                0x000000000000518d                clear_screen
                0x00000000000051d1                is_current_console
                0x0000000000005204                set_cursor
                0x000000000000527b                set_video_start_addr
                0x00000000000052f2                select_console
                0x0000000000005345                scroll_screen
                0x0000000000005540                flush
 .text.__x86.get_pc_thunk.cx
                0x00000000000055c9        0x4 kernel/console.o
                0x00000000000055c9                __x86.get_pc_thunk.cx
 .text          0x00000000000055cd      0x167 kernel/i8259.o
                0x00000000000055cd                init_8259A
                0x00000000000056b5                spurious_irq
                0x00000000000056ff                put_irq_handler
 .text          0x0000000000005734        0x0 kernel/global.o
 .text          0x0000000000005734      0x6c7 kernel/protect.o
                0x0000000000005734                init_prot
                0x0000000000005bd1                seg2phys
                0x0000000000005ca4                exception_handler
 .text          0x0000000000005dfb     0x1a09 kernel/proc.o
                0x0000000000005dfb                schedule
                0x0000000000005eaf                sys_sendrec
                0x0000000000005ff6                send_recv
                0x00000000000060c8                ldt_seg_linear
                0x000000000000611c                va2la
                0x0000000000006195                reset_msg
                0x0000000000007183                inform_int
                0x000000000000732f                dump_proc
                0x00000000000076d3                dump_msg
 .text          0x0000000000007804       0x96 kernel/systask.o
                0x0000000000007804                task_sys
 .text          0x000000000000789a      0xeb4 kernel/hd.o
                0x000000000000789a                task_hd
                0x0000000000008713                hd_handler
 .text          0x000000000000874e       0xd1 lib/printf.o
                0x000000000000874e                printf
                0x00000000000087ce                printl
 .text          0x000000000000881f      0x330 lib/vsprintf.o
                0x000000000000888f                vsprintf
                0x0000000000008b1f                sprintf
 *fill*         0x0000000000008b4f        0x1 
 .text          0x0000000000008b50      0x19a lib/kliba.o
                0x0000000000008b50                disp_str
                0x0000000000008b8e                disp_color_str
                0x0000000000008bcd                out_byte
                0x0000000000008bd9                in_byte
                0x0000000000008be3                port_read
                0x0000000000008bf6                port_write
                0x0000000000008c09                disable_irq
                0x0000000000008c3e                enable_irq
                0x0000000000008c5d                disable_int
                0x0000000000008c5f                enable_int
                0x0000000000008c61                glitter
 .text          0x0000000000008cea      0x200 lib/klib.o
                0x0000000000008cea                itoa
                0x0000000000008d9f                atoi
                0x0000000000008e63                disp_int
                0x0000000000008e99                delay
 *fill*         0x0000000000008eea        0x6 
 .text          0x0000000000008ef0       0x78 lib/string.o
                0x0000000000008ef0                memcpy
                0x0000000000008f19                memset
                0x0000000000008f3a                strcpy
                0x0000000000008f52                strlen
 .text          0x0000000000008f68       0x52 lib/ls.o
                0x0000000000008f68                ls
 .text          0x0000000000008fba     0x23b3 lib/sl.o
                0x0000000000008fba                sl
 .text          0x000000000000b36d      0x274 lib/misc.o
                0x000000000000b36d                memcmp
                0x000000000000b3ed                strcmp
                0x000000000000b46a                strcat
                0x000000000000b4d3                strstr
                0x000000000000b56b                spin
                0x000000000000b595                assertion_failure
 .text          0x000000000000b5e1       0x79 lib/mkdir.o
                0x000000000000b5e1                mkdir
 .text          0x000000000000b65a       0x78 lib/open.o
                0x000000000000b65a                open
 .text          0x000000000000b6d2       0x47 lib/read.o
                0x000000000000b6d2                read
 .text          0x000000000000b719       0x47 lib/write.o
                0x000000000000b719                write
 .text          0x000000000000b760       0x3b lib/close.o
                0x000000000000b760                close
 .text          0x000000000000b79b       0x4b lib/unlink.o
                0x000000000000b79b                unlink
 .text          0x000000000000b7e6       0x5b lib/getpid.o
                0x000000000000b7e6                getpid
 .text          0x000000000000b841       0xe8 lib/syslog.o
                0x000000000000b841                syslog
 .text          0x000000000000b929      0xf58 fs/main.o
                0x000000000000b929                task_fs
                0x000000000000c2e1                rw_sector
                0x000000000000c536                get_super_block
                0x000000000000c598                get_inode
                0x000000000000c71a                put_inode
                0x000000000000c76e                sync_inode
 .text          0x000000000000c881     0x1136 fs/open.o
                0x000000000000c881                do_open
                0x000000000000cea7                do_close
                0x000000000000cf1f                do_ls
                0x000000000000d179                do_mkdir
                0x000000000000d286                do_lseek
 .text          0x000000000000d9b7      0x4e3 fs/misc.o
                0x000000000000d9b7                find_entry
                0x000000000000db24                search_file
                0x000000000000dc96                strip_path
 .text          0x000000000000de9a      0x54e fs/read_write.o
                0x000000000000de9a                do_rdwt
 .text          0x000000000000e3e8      0x896 fs/link.o
                0x000000000000e3e8                do_unlink
 .text          0x000000000000ec7e     0x168a fs/disklog.o
                0x000000000000ec7e                do_disklog
                0x000000000000ed38                disklog
                0x000000000000f273                dump_fd_graph
 *(.gnu.warning)

.fini
 *(SORT_NONE(.fini))
                [!provide]                        PROVIDE (__etext = .)
                [!provide]                        PROVIDE (_etext = .)
                [!provide]                        PROVIDE (etext = .)

.rodata         0x0000000000010320     0x8317
 *(.rodata .rodata.* .gnu.linkonce.r.*)
 .rodata        0x0000000000010320       0x47 kernel/start.o
 *fill*         0x0000000000010367        0x1 
 .rodata        0x0000000000010368      0x977 kernel/main.o
 *fill*         0x0000000000010cdf        0x1 
 .rodata        0x0000000000010ce0       0x64 kernel/keyboard.o
 .rodata        0x0000000000010d44      0x13c kernel/tty.o
 .rodata        0x0000000000010e80       0x5b kernel/console.o
 .rodata        0x0000000000010edb       0x11 kernel/i8259.o
 .rodata        0x0000000000010eec        0x4 kernel/global.o
                0x0000000000010eec                FSBUF_SIZE
 *fill*         0x0000000000010ef0       0x10 
 .rodata        0x0000000000010f00      0x540 kernel/protect.o
 .rodata        0x0000000000011440      0x62e kernel/proc.o
 .rodata        0x0000000000011a6e       0x11 kernel/systask.o
 *fill*         0x0000000000011a7f        0x1 
 .rodata        0x0000000000011a80      0x140 kernel/hd.o
 .rodata        0x0000000000011bc0       0x14 lib/printf.o
 .rodata        0x0000000000011bd4     0x5c40 lib/sl.o
 .rodata        0x0000000000017814       0x61 lib/misc.o
 .rodata        0x0000000000017875       0x24 lib/mkdir.o
 .rodata        0x0000000000017899       0x23 lib/open.o
 .rodata        0x00000000000178bc       0x25 lib/getpid.o
 .rodata        0x00000000000178e1       0x32 lib/syslog.o
 *fill*         0x0000000000017913        0x1 
 .rodata        0x0000000000017914      0x20e fs/main.o
 *fill*         0x0000000000017b22        0x2 
 .rodata        0x0000000000017b24      0x1e6 fs/open.o
 *fill*         0x0000000000017d0a        0x2 
 .rodata        0x0000000000017d0c      0x164 fs/read_write.o
 .rodata        0x0000000000017e70      0x19d fs/link.o
 *fill*         0x000000000001800d        0x3 
 .rodata        0x0000000000018010      0x627 fs/disklog.o

.rodata1
 *(.rodata1)

.eh_frame_hdr
 *(.eh_frame_hdr)
 *(.eh_frame_entry .eh_frame_entry.*)

.eh_frame       0x0000000000018638     0x1530
 *(.eh_frame)
 .eh_frame      0x0000000000018638       0x50 kernel/start.o
 .eh_frame      0x0000000000018688      0x378 kernel/main.o
                                        0x3a4 (size before relaxing)
 .eh_frame      0x0000000000018a00       0x6c kernel/clock.o
                                         0x98 (size before relaxing)
 .eh_frame      0x0000000000018a6c       0xfc kernel/keyboard.o
                                        0x128 (size before relaxing)
 .eh_frame      0x0000000000018b68      0x15c kernel/tty.o
                                        0x19c (size before relaxing)
 .eh_frame      0x0000000000018cc4      0x16c kernel/console.o
                                        0x1c0 (size before relaxing)
 .eh_frame      0x0000000000018e30       0x6c kernel/i8259.o
                                         0x98 (size before relaxing)
 .eh_frame      0x0000000000018e9c       0xb8 kernel/protect.o
                                         0xf8 (size before relaxing)
 .eh_frame      0x0000000000018f54      0x20c kernel/proc.o
                                        0x260 (size before relaxing)
 .eh_frame      0x0000000000019160       0x1c kernel/systask.o
                                         0x48 (size before relaxing)
 .eh_frame      0x000000000001917c      0x220 kernel/hd.o
                                        0x260 (size before relaxing)
 .eh_frame      0x000000000001939c       0x48 lib/printf.o
                                         0x74 (size before relaxing)
 .eh_frame      0x00000000000193e4       0x68 lib/vsprintf.o
                                         0xa8 (size before relaxing)
 .eh_frame      0x000000000001944c       0x84 lib/klib.o
                                         0xc4 (size before relaxing)
 .eh_frame      0x00000000000194d0       0x24 lib/ls.o
                                         0x50 (size before relaxing)
 .eh_frame      0x00000000000194f4       0x24 lib/sl.o
                                         0x50 (size before relaxing)
 .eh_frame      0x0000000000019518       0xc4 lib/misc.o
                                        0x104 (size before relaxing)
 .eh_frame      0x00000000000195dc       0x24 lib/mkdir.o
                                         0x50 (size before relaxing)
 .eh_frame      0x0000000000019600       0x24 lib/open.o
                                         0x50 (size before relaxing)
 .eh_frame      0x0000000000019624       0x24 lib/read.o
                                         0x50 (size before relaxing)
 .eh_frame      0x0000000000019648       0x24 lib/write.o
                                         0x50 (size before relaxing)
 .eh_frame      0x000000000001966c       0x24 lib/close.o
                                         0x50 (size before relaxing)
 .eh_frame      0x0000000000019690       0x24 lib/unlink.o
                                         0x50 (size before relaxing)
 .eh_frame      0x00000000000196b4       0x24 lib/getpid.o
                                         0x50 (size before relaxing)
 .eh_frame      0x00000000000196d8       0x24 lib/syslog.o
                                         0x50 (size before relaxing)
 .eh_frame      0x00000000000196fc      0x150 fs/main.o
                                        0x190 (size before relaxing)
 .eh_frame      0x000000000001984c      0x1b4 fs/open.o
                                        0x1f4 (size before relaxing)
 .eh_frame      0x0000000000019a00       0x84 fs/misc.o
                                         0xb0 (size before relaxing)
 .eh_frame      0x0000000000019a84       0x30 fs/read_write.o
                                         0x5c (size before relaxing)
 .eh_frame      0x0000000000019ab4       0x30 fs/link.o
                                         0x5c (size before relaxing)
 .eh_frame      0x0000000000019ae4       0x84 fs/disklog.o
                                         0xb0 (size before relaxing)
 *(.eh_frame.*)

.gcc_except_table
 *(.gcc_except_table .gcc_except_table.*)

.gnu_extab
 *(.gnu_extab*)

.exception_ranges
 *(.exception_ranges .exception_ranges*)
                0x000000000001b000                . = DATA_SEGMENT_ALIGN (CONSTANT (MAXPAGESIZE), CONSTANT (COMMONPAGESIZE))

.eh_frame
 *(.eh_frame)
 *(.eh_frame.*)

.gnu_extab
 *(.gnu_extab)

.gcc_except_table
 *(.gcc_except_table .gcc_except_table.*)

.exception_ranges
 *(.exception_ranges .exception_ranges*)

.tdata
 *(.tdata .tdata.* .gnu.linkonce.td.*)

.tbss
 *(.tbss .tbss.* .gnu.linkonce.tb.*)
 *(.tcommon)

.preinit_array  0x000000000001b000        0x0
                [!provide]                        PROVIDE (__preinit_array_start = .)
 *(.preinit_array)
                [!provide]                        PROVIDE (__preinit_array_end = .)

.init_array     0x000000000001b000        0x0
                [!provide]                        PROVIDE (__init_array_start = .)
 *(SORT_BY_INIT_PRIORITY(.init_array.*) SORT_BY_INIT_PRIORITY(.ctors.*))
 *(.init_array EXCLUDE_FILE(*crtend?.o *crtend.o *crtbegin?.o *crtbegin.o) .ctors)
                [!provide]                        PROVIDE (__init_array_end = .)

.fini_array     0x000000000001b000        0x0
                [!provide]                        PROVIDE (__fini_array_start = .)
 *(SORT_BY_INIT_PRIORITY(.fini_array.*) SORT_BY_INIT_PRIORITY(.dtors.*))
 *(.fini_array EXCLUDE_FILE(*crtend?.o *crtend.o *crtbegin?.o *crtbegin.o) .dtors)
                [!provide]                        PROVIDE (__fini_array_end = .)

.ctors
 *crtbegin.o(.ctors)
 *crtbegin?.o(.ctors)
 *(EXCLUDE_FILE(*crtend?.o *crtend.o) .ctors)
 *(SORT_BY_NAME(.ctors.*))
 *(.ctors)

.dtors
 *crtbegin.o(.dtors)
 *crtbegin?.o(.dtors)
 *(EXCLUDE_FILE(*crtend?.o *crtend.o) .dtors)
 *(SORT_BY_NAME(.dtors.*))
 *(.dtors)

.jcr
 *(.jcr)

.data.rel.ro
 *(.data.rel.ro.local* .gnu.linkonce.d.rel.ro.local.*)
 *(.data.rel.ro .data.rel.ro.* .gnu.linkonce.d.rel.ro.*)

.dynamic
 *(.dynamic)

.got            0x000000000001b000        0x0
 *(.got)
 .got           0x000000000001b000        0x0 kernel/kernel.o
 *(.igot)
                0x000000000001bff4                . = DATA_SEGMENT_RELRO_END (., (SIZEOF (.got.plt) >= 0xc)?0xc:0x0)

.got.plt        0x000000000001b000        0xc
 *(.got.plt)
 .got.plt       0x000000000001b000        0xc kernel/kernel.o
                0x000000000001b000                _GLOBAL_OFFSET_TABLE_
 *(.igot.plt)
 .igot.plt      0x000000000001b00c        0x0 kernel/kernel.o

.data           0x000000000001b020      0x784
 *(.data .data.* .gnu.linkonce.d.*)
 .data          0x000000000001b020        0x2 kernel/kernel.o
 .data          0x000000000001b022        0x0 kernel/start.o
 *fill*         0x000000000001b022        0x2 
 .data          0x000000000001b024        0x4 kernel/main.o
                0x000000000001b024                _seed2
 .data          0x000000000001b028        0x0 kernel/clock.o
 *fill*         0x000000000001b028       0x18 
 .data          0x000000000001b040      0x600 kernel/keyboard.o
                0x000000000001b040                keymap
 .data          0x000000000001b640       0x22 kernel/tty.o
 .data          0x000000000001b662        0x0 kernel/console.o
 .data          0x000000000001b662        0x0 kernel/i8259.o
 *fill*         0x000000000001b662        0x2 
 .data          0x000000000001b664       0x1c kernel/global.o
                0x000000000001b664                dd_map
                0x000000000001b67c                fsbuf
 .data.rel      0x000000000001b680      0x124 kernel/global.o
                0x000000000001b680                task_table
                0x000000000001b720                user_proc_table
                0x000000000001b798                sys_call_table
 .data          0x000000000001b7a4        0x0 kernel/protect.o
 .data          0x000000000001b7a4        0x0 kernel/proc.o
 .data          0x000000000001b7a4        0x0 kernel/systask.o
 .data          0x000000000001b7a4        0x0 kernel/hd.o
 .data          0x000000000001b7a4        0x0 lib/printf.o
 .data          0x000000000001b7a4        0x0 lib/vsprintf.o
 .data          0x000000000001b7a4        0x0 lib/klib.o
 .data          0x000000000001b7a4        0x0 lib/ls.o
 .data          0x000000000001b7a4        0x0 lib/sl.o
 .data          0x000000000001b7a4        0x0 lib/misc.o
 .data          0x000000000001b7a4        0x0 lib/mkdir.o
 .data          0x000000000001b7a4        0x0 lib/open.o
 .data          0x000000000001b7a4        0x0 lib/read.o
 .data          0x000000000001b7a4        0x0 lib/write.o
 .data          0x000000000001b7a4        0x0 lib/close.o
 .data          0x000000000001b7a4        0x0 lib/unlink.o
 .data          0x000000000001b7a4        0x0 lib/getpid.o
 .data          0x000000000001b7a4        0x0 lib/syslog.o
 .data          0x000000000001b7a4        0x0 fs/main.o
 .data          0x000000000001b7a4        0x0 fs/open.o
 .data          0x000000000001b7a4        0x0 fs/misc.o
 .data          0x000000000001b7a4        0x0 fs/read_write.o
 .data          0x000000000001b7a4        0x0 fs/link.o
 .data          0x000000000001b7a4        0x0 fs/disklog.o

.data1
 *(.data1)
                0x000000000001b7a4                _edata = .
                [!provide]                        PROVIDE (edata = .)
                0x000000000001b7a4                . = .
                0x000000000001b7a4                __bss_start = .

.bss            0x000000000001b7c0    0x3c75c
 *(.dynbss)
 *(.bss .bss.* .gnu.linkonce.b.*)
 .bss           0x000000000001b7c0      0x800 kernel/kernel.o
 .bss           0x000000000001bfc0        0x0 kernel/start.o
 .bss           0x000000000001bfc0        0x0 kernel/main.o
 .bss           0x000000000001bfc0        0x0 kernel/clock.o
 .bss           0x000000000001bfc0       0x58 kernel/keyboard.o
 .bss           0x000000000001c018        0x0 kernel/tty.o
 .bss           0x000000000001c018        0x0 kernel/console.o
 .bss           0x000000000001c018        0x0 kernel/i8259.o
 .bss           0x000000000001c018        0x0 kernel/global.o
 .bss           0x000000000001c018        0x0 kernel/protect.o
 .bss           0x000000000001c018        0x0 kernel/proc.o
 .bss           0x000000000001c018        0x0 kernel/systask.o
 *fill*         0x000000000001c018        0x8 
 .bss           0x000000000001c020      0x64c kernel/hd.o
 .bss           0x000000000001c66c        0x0 lib/printf.o
 .bss           0x000000000001c66c        0x0 lib/vsprintf.o
 .bss           0x000000000001c66c        0x0 lib/klib.o
 .bss           0x000000000001c66c        0x0 lib/ls.o
 .bss           0x000000000001c66c        0x0 lib/sl.o
 .bss           0x000000000001c66c        0x0 lib/misc.o
 .bss           0x000000000001c66c        0x0 lib/mkdir.o
 .bss           0x000000000001c66c        0x0 lib/open.o
 .bss           0x000000000001c66c        0x0 lib/read.o
 .bss           0x000000000001c66c        0x0 lib/write.o
 .bss           0x000000000001c66c        0x0 lib/close.o
 .bss           0x000000000001c66c        0x0 lib/unlink.o
 .bss           0x000000000001c66c        0x0 lib/getpid.o
 .bss           0x000000000001c66c        0x0 lib/syslog.o
 .bss           0x000000000001c66c        0x0 fs/main.o
 .bss           0x000000000001c66c        0x0 fs/open.o
 .bss           0x000000000001c66c        0x0 fs/misc.o
 .bss           0x000000000001c66c        0x0 fs/read_write.o
 .bss           0x000000000001c66c        0x0 fs/link.o
 *fill*         0x000000000001c66c       0x14 
 .bss           0x000000000001c680      0x208 fs/disklog.o
 *(COMMON)
 *fill*         0x000000000001c888       0x18 
 COMMON         0x000000000001c8a0    0x3b66c kernel/global.o
                0x000000000001c8a0                idt_ptr
                0x000000000001c8c0                inode_table
                0x000000000001d4c0                task_stack
                0x00000000000554c0                k_reenter
                0x00000000000554e0                gdt
                0x00000000000558e0                current_console
                0x00000000000558e4                pcaller
                0x0000000000055900                tty_table
                0x0000000000056580                tss
                0x0000000000056600                fs_msg
                0x0000000000056640                f_desc_table
                0x0000000000056940                root_inode
                0x0000000000056944                disp_pos
                0x0000000000056948                key_pressed
                0x000000000005694c                gdt_ptr
                0x0000000000056960                idt
                0x0000000000057160                super_block
                0x0000000000057340                ticks
                0x0000000000057360                console_table
                0x00000000000573a0                irq_table
                0x00000000000573e0                p_proc_ready
                0x0000000000057400                proc_table
 COMMON         0x0000000000057f0c       0x10 kernel/hd.o
                0x0000000000057f0c                PARTITION_ENTRY
                0x0000000000057f1c                . = ALIGN ((. != 0x0)?0x4:0x1)
                0x0000000000057f1c                . = ALIGN (0x4)
                0x0000000000057f1c                . = SEGMENT_START ("ldata-segment", .)
                0x0000000000057f1c                . = ALIGN (0x4)
                0x0000000000057f1c                _end = .
                [!provide]                        PROVIDE (end = .)
                0x0000000000057f1c                . = DATA_SEGMENT_END (.)

.stab
 *(.stab)

.stabstr
 *(.stabstr)

.stab.excl
 *(.stab.excl)

.stab.exclstr
 *(.stab.exclstr)

.stab.index
 *(.stab.index)

.stab.indexstr
 *(.stab.indexstr)

.comment        0x0000000000000000       0x24
 *(.comment)
 .comment       0x0000000000000000       0x24 kernel/start.o
                                         0x25 (size before relaxing)
 .comment       0x0000000000000024       0x25 kernel/main.o
 .comment       0x0000000000000024       0x25 kernel/clock.o
 .comment       0x0000000000000024       0x25 kernel/keyboard.o
 .comment       0x0000000000000024       0x25 kernel/tty.o
 .comment       0x0000000000000024       0x25 kernel/console.o
 .comment       0x0000000000000024       0x25 kernel/i8259.o
 .comment       0x0000000000000024       0x25 kernel/global.o
 .comment       0x0000000000000024       0x25 kernel/protect.o
 .comment       0x0000000000000024       0x25 kernel/proc.o
 .comment       0x0000000000000024       0x25 kernel/systask.o
 .comment       0x0000000000000024       0x25 kernel/hd.o
 .comment       0x0000000000000024       0x25 lib/printf.o
 .comment       0x0000000000000024       0x25 lib/vsprintf.o
 .comment       0x0000000000000024       0x25 lib/klib.o
 .comment       0x0000000000000024       0x25 lib/ls.o
 .comment       0x0000000000000024       0x25 lib/sl.o
 .comment       0x0000000000000024       0x25 lib/misc.o
 .comment       0x0000000000000024       0x25 lib/mkdir.o
 .comment       0x0000000000000024       0x25 lib/open.o
 .comment       0x0000000000000024       0x25 lib/read.o
 .comment       0x0000000000000024       0x25 lib/write.o
 .comment       0x0000000000000024       0x25 lib/close.o
 .comment       0x0000000000000024       0x25 lib/unlink.o
 .comment       0x0000000000000024       0x25 lib/getpid.o
 .comment       0x0000000000000024       0x25 lib/syslog.o
 .comment       0x0000000000000024       0x25 fs/main.o
 .comment       0x0000000000000024       0x25 fs/open.o
 .comment       0x0000000000000024       0x25 fs/misc.o
 .comment       0x0000000000000024       0x25 fs/read_write.o
 .comment       0x0000000000000024       0x25 fs/link.o
 .comment       0x0000000000000024       0x25 fs/disklog.o

.debug
 *(.debug)

.line
 *(.line)

.debug_srcinfo
 *(.debug_srcinfo)

.debug_sfnames
 *(.debug_sfnames)

.debug_aranges
 *(.debug_aranges)

.debug_pubnames
 *(.debug_pubnames)

.debug_info
 *(.debug_info .gnu.linkonce.wi.*)

.debug_abbrev
 *(.debug_abbrev)

.debug_line
 *(.debug_line .debug_line.* .debug_line_end)

.debug_frame
 *(.debug_frame)

.debug_str
 *(.debug_str)

.debug_loc
 *(.debug_loc)

.debug_macinfo
 *(.debug_macinfo)

.debug_weaknames
 *(.debug_weaknames)

.debug_funcnames
 *(.debug_funcnames)

.debug_typenames
 *(.debug_typenames)

.debug_varnames
 *(.debug_varnames)

.debug_pubtypes
 *(.debug_pubtypes)

.debug_ranges
 *(.debug_ranges)

.debug_macro
 *(.debug_macro)

.debug_addr
 *(.debug_addr)

.gnu.attributes
 *(.gnu.attributes)

/DISCARD/
 *(.note.GNU-stack)
 *(.gnu_debuglink)
 *(.gnu.lto_*)
OUTPUT(kernel.bin elf32-i386)
